------------------------------------------------------------
TimeQuest Timing Analyzer Summary
------------------------------------------------------------

Type  : Slow 1200mV 85C Model Setup 'CLK'
Slack : -4.043
TNS   : -87.873

Type  : Slow 1200mV 85C Model Setup 'exp6:comb_4|CLK_1hz'
Slack : -0.785
TNS   : -2.121

Type  : Slow 1200mV 85C Model Hold 'CLK'
Slack : -0.103
TNS   : -0.103

Type  : Slow 1200mV 85C Model Hold 'exp6:comb_4|CLK_1hz'
Slack : 0.461
TNS   : 0.000

Type  : Slow 1200mV 85C Model Minimum Pulse Width 'CLK'
Slack : -3.000
TNS   : -52.071

Type  : Slow 1200mV 85C Model Minimum Pulse Width 'exp6:comb_4|CLK_1hz'
Slack : -1.487
TNS   : -5.948

Type  : Slow 1200mV 0C Model Setup 'CLK'
Slack : -3.749
TNS   : -77.205

Type  : Slow 1200mV 0C Model Setup 'exp6:comb_4|CLK_1hz'
Slack : -0.606
TNS   : -1.643

Type  : Slow 1200mV 0C Model Hold 'CLK'
Slack : -0.043
TNS   : -0.043

Type  : Slow 1200mV 0C Model Hold 'exp6:comb_4|CLK_1hz'
Slack : 0.412
TNS   : 0.000

Type  : Slow 1200mV 0C Model Minimum Pulse Width 'CLK'
Slack : -3.000
TNS   : -52.071

Type  : Slow 1200mV 0C Model Minimum Pulse Width 'exp6:comb_4|CLK_1hz'
Slack : -1.487
TNS   : -5.948

Type  : Fast 1200mV 0C Model Setup 'CLK'
Slack : -1.207
TNS   : -19.850

Type  : Fast 1200mV 0C Model Setup 'exp6:comb_4|CLK_1hz'
Slack : 0.217
TNS   : 0.000

Type  : Fast 1200mV 0C Model Hold 'CLK'
Slack : -0.290
TNS   : -0.290

Type  : Fast 1200mV 0C Model Hold 'exp6:comb_4|CLK_1hz'
Slack : 0.190
TNS   : 0.000

Type  : Fast 1200mV 0C Model Minimum Pulse Width 'CLK'
Slack : -3.000
TNS   : -37.813

Type  : Fast 1200mV 0C Model Minimum Pulse Width 'exp6:comb_4|CLK_1hz'
Slack : -1.000
TNS   : -4.000

------------------------------------------------------------
