------------------------------------------------------------
TimeQuest Timing Analyzer Summary
------------------------------------------------------------

Type  : Slow 1200mV 85C Model Setup 'exp7:inst19|clk_1Hz'
Slack : -19.296
TNS   : -458.421

Type  : Slow 1200mV 85C Model Setup 'clk'
Slack : -3.972
TNS   : -241.295

Type  : Slow 1200mV 85C Model Setup 'scan2:inst17|SEL[1]'
Slack : -2.908
TNS   : -10.866

Type  : Slow 1200mV 85C Model Setup 'exp7:inst19|clk_1KHz'
Slack : -2.258
TNS   : -12.554

Type  : Slow 1200mV 85C Model Hold 'exp7:inst19|clk_1KHz'
Slack : -1.933
TNS   : -12.001

Type  : Slow 1200mV 85C Model Hold 'scan2:inst17|SEL[1]'
Slack : -1.262
TNS   : -4.777

Type  : Slow 1200mV 85C Model Hold 'clk'
Slack : -0.420
TNS   : -0.737

Type  : Slow 1200mV 85C Model Hold 'exp7:inst19|clk_1Hz'
Slack : 0.450
TNS   : 0.000

Type  : Slow 1200mV 85C Model Minimum Pulse Width 'clk'
Slack : -3.000
TNS   : -101.142

Type  : Slow 1200mV 85C Model Minimum Pulse Width 'ldn'
Slack : -3.000
TNS   : -29.766

Type  : Slow 1200mV 85C Model Minimum Pulse Width 'exp7:inst19|clk_1Hz'
Slack : -1.487
TNS   : -56.506

Type  : Slow 1200mV 85C Model Minimum Pulse Width 'exp7:inst19|clk_1KHz'
Slack : -1.487
TNS   : -13.383

Type  : Slow 1200mV 85C Model Minimum Pulse Width 'scan2:inst17|SEL[1]'
Slack : 0.338
TNS   : 0.000

Type  : Slow 1200mV 0C Model Setup 'exp7:inst19|clk_1Hz'
Slack : -17.696
TNS   : -424.598

Type  : Slow 1200mV 0C Model Setup 'clk'
Slack : -3.750
TNS   : -221.159

Type  : Slow 1200mV 0C Model Setup 'scan2:inst17|SEL[1]'
Slack : -2.782
TNS   : -10.417

Type  : Slow 1200mV 0C Model Setup 'exp7:inst19|clk_1KHz'
Slack : -1.931
TNS   : -11.380

Type  : Slow 1200mV 0C Model Hold 'exp7:inst19|clk_1KHz'
Slack : -1.784
TNS   : -10.983

Type  : Slow 1200mV 0C Model Hold 'scan2:inst17|SEL[1]'
Slack : -0.979
TNS   : -3.540

Type  : Slow 1200mV 0C Model Hold 'clk'
Slack : -0.381
TNS   : -0.641

Type  : Slow 1200mV 0C Model Hold 'exp7:inst19|clk_1Hz'
Slack : 0.398
TNS   : 0.000

Type  : Slow 1200mV 0C Model Minimum Pulse Width 'clk'
Slack : -3.000
TNS   : -107.560

Type  : Slow 1200mV 0C Model Minimum Pulse Width 'ldn'
Slack : -3.000
TNS   : -31.501

Type  : Slow 1200mV 0C Model Minimum Pulse Width 'exp7:inst19|clk_1Hz'
Slack : -1.487
TNS   : -56.506

Type  : Slow 1200mV 0C Model Minimum Pulse Width 'exp7:inst19|clk_1KHz'
Slack : -1.487
TNS   : -13.383

Type  : Slow 1200mV 0C Model Minimum Pulse Width 'scan2:inst17|SEL[1]'
Slack : 0.248
TNS   : 0.000

Type  : Fast 1200mV 0C Model Setup 'exp7:inst19|clk_1Hz'
Slack : -7.564
TNS   : -170.596

Type  : Fast 1200mV 0C Model Setup 'clk'
Slack : -1.126
TNS   : -63.903

Type  : Fast 1200mV 0C Model Setup 'scan2:inst17|SEL[1]'
Slack : -0.607
TNS   : -2.021

Type  : Fast 1200mV 0C Model Setup 'exp7:inst19|clk_1KHz'
Slack : -0.519
TNS   : -1.134

Type  : Fast 1200mV 0C Model Hold 'exp7:inst19|clk_1KHz'
Slack : -0.930
TNS   : -6.065

Type  : Fast 1200mV 0C Model Hold 'scan2:inst17|SEL[1]'
Slack : -0.876
TNS   : -3.335

Type  : Fast 1200mV 0C Model Hold 'clk'
Slack : -0.280
TNS   : -0.556

Type  : Fast 1200mV 0C Model Hold 'exp7:inst19|clk_1Hz'
Slack : 0.185
TNS   : 0.000

Type  : Fast 1200mV 0C Model Minimum Pulse Width 'clk'
Slack : -3.000
TNS   : -78.711

Type  : Fast 1200mV 0C Model Minimum Pulse Width 'ldn'
Slack : -3.000
TNS   : -23.305

Type  : Fast 1200mV 0C Model Minimum Pulse Width 'exp7:inst19|clk_1Hz'
Slack : -1.000
TNS   : -38.000

Type  : Fast 1200mV 0C Model Minimum Pulse Width 'exp7:inst19|clk_1KHz'
Slack : -1.000
TNS   : -9.000

Type  : Fast 1200mV 0C Model Minimum Pulse Width 'scan2:inst17|SEL[1]'
Slack : 0.416
TNS   : 0.000

------------------------------------------------------------
