------------------------------------------------------------
TimeQuest Timing Analyzer Summary
------------------------------------------------------------

Type  : Slow 1200mV 85C Model Setup 'current_floor[0]'
Slack : -0.536
TNS   : -2.227

Type  : Slow 1200mV 85C Model Hold 'current_floor[0]'
Slack : -0.850
TNS   : -6.384

Type  : Slow 1200mV 85C Model Minimum Pulse Width 'current_floor[0]'
Slack : -3.000
TNS   : -3.000

Type  : Slow 1200mV 0C Model Setup 'current_floor[0]'
Slack : -0.469
TNS   : -2.057

Type  : Slow 1200mV 0C Model Hold 'current_floor[0]'
Slack : -0.746
TNS   : -5.621

Type  : Slow 1200mV 0C Model Minimum Pulse Width 'current_floor[0]'
Slack : -3.000
TNS   : -3.000

Type  : Fast 1200mV 0C Model Setup 'current_floor[0]'
Slack : -0.320
TNS   : -0.937

Type  : Fast 1200mV 0C Model Hold 'current_floor[0]'
Slack : -0.379
TNS   : -2.843

Type  : Fast 1200mV 0C Model Minimum Pulse Width 'current_floor[0]'
Slack : -3.000
TNS   : -3.000

------------------------------------------------------------
