Microsoft (R) Macro Assembler Version 6.11		    05/06/20 12:30:49
tempfile.asm						     Page 1 - 1


 0000				DATAS SEGMENT
 0000  0005 [			   DIVN DW 5 DUP(0FFFFH)
        FFFF
       ]
 000A 49 6E 70 75 74 20		   MSGIN1 DB 'Input numbers:$'
       6E 75 6D 62 65 72
       73 3A 24
 0019				DATAS ENDS

 0000				STACKS SEGMENT
 0000  0100 [			    DW 100H DUP(0)
        0000
       ]
 0200				STACKS ENDS

 0000				CODES SEGMENT
				    ASSUME CS:CODES,DS:DATAS,SS:STACKS
 0000				START:
 0000  B8 ---- R		    MOV AX,DATAS
 0003  8E D8			    MOV DS,AX
 0005  8D 16 000A R			LEA DX,MSGIN1
 0009  B4 09			    MOV AH,09H
 000B  CD 21			    INT 21H
 000D  8D 3E 0000 R		    LEA DI,DIVN[0]   
				    
 0011  B9 0005			    MOV CX,05H
 0014				LP1:
 0014  E8 0037			    CALL READ1
 0017  89 15			    MOV [DI],DX
 0019  33 D2			    XOR DX,DX
 001B  47			    INC DI
 001C  47			    INC DI
 001D  E2 F5				LOOP LP1
				    
				    
 001F  B2 0A			   	MOV DL,0AH
 0021  B4 02			    MOV AH,02H
 0023  CD 21			    INT 21H
				    
 0025  B9 0005			    MOV CX,05H 
 0028  8D 3E 0000 R		    LEA DI,DIVN[0]   
 002C				LP2:
 002C  8B 05			    MOV AX,[DI]
 002E  B2 06			    MOV DL,6
 0030  F6 F2			    DIV DL
 0032  80 FC 00			    CMP AH,0
 0035  74 08			 	JE PR
 0037  47			 	INC DI
 0038  47			    INC DI
 0039  E2 F1			LOOP LP2


				    
 003B				END1:    
 003B  B4 4C			    MOV AH,4CH
 003D  CD 21			    INT 21H
				    
 003F				PR:
 003F  8B 05				MOV AX,[DI]
 0041  E8 006C				CALL PRINT
 0044  47				INC DI
 0045  47			    INC DI
 0046  49			    DEC CX
 0047  83 F9 00				CMP CX,0
 004A  74 EF			 	JE END1
 004C  EB DE			 	JMP LP2
				    
				    
				    
				    
				    
				    
				    
 004E				READ1 PROC NEAR
 004E  EB 04				JMP BEG1
 0050				ERR: 
 0050  32 E4			    XOR AH,AH
 0052  33 D2			    XOR DX,DX
 0054				BEG1:
 0054  B4 01			    MOV AH,01H
 0056  CD 21			    INT 21H
 0058  3C 30			    CMP AL,'0'
 005A  72 F4			    JB ERR
 005C  3C 39			    CMP AL,'9'
 005E  77 F0			    JA ERR;判断是否为数字
 0060  8A D0			    MOV DL,AL
 0062  80 EA 30			    SUB DL,30H
 0065  B4 01			    MOV AH,01H
 0067  CD 21			    INT 21H
				    ;CMP AL,0DH
				    ;JZ DONE
				    ;CMP AL,' '
				    ;JZ DONE
 0069  3C 30			    CMP AL,'0'
 006B  72 E3			    JB ERR
 006D  3C 39			    CMP AL,'9'
 006F  77 DF			    JA ERR;判断是否为数字
 0071  2C 30			    SUB AL,30H
 0073  D1 E2			    SHL DX,1
 0075  8B DA			    MOV BX,DX
 0077  D1 E2			    SHL DX,1
 0079  D1 E2			    SHL DX,1;转换为数字后乘16
 007B  03 D3			    ADD DX,BX;加低位
 007D  32 E4			    XOR AH,AH
 007F  03 D0			    ADD DX,AX
 0081  B4 01			    MOV AH,01H
 0083  CD 21			    INT 21H
 0085  3C 0D			    CMP AL,0DH
 0087  74 24			    JZ DONE
 0089  3C 20			    CMP AL,' '
 008B  74 20			    JZ DONE
 008D  3C 30			    CMP AL,'0'
 008F  72 BF			    JB ERR
 0091  3C 39			    CMP AL,'9'
 0093  77 BB			    JA ERR;判断是否为数字
 0095  2C 30			    SUB AL,30H
 0097  D1 E2			    SHL DX,1
 0099  8B DA			    MOV BX,DX
 009B  D1 E2			    SHL DX,1
 009D  D1 E2			    SHL DX,1
 009F  03 D3			    ADD DX,BX;转换为数字后乘16
 00A1  32 E4			    XOR AH,AH
 00A3  03 D0			    ADD DX,AX ;加低位
 00A5  52			    PUSH DX
 00A6  B2 20			    MOV DL,' '
 00A8  B4 02			    MOV AH,02H
 00AA  CD 21			    INT 21H
 00AC  5A			    POP DX
 00AD				DONE:
 00AD  32 E4			    XOR AH,AH
 00AF  C3				RET
 00B0				READ1 ENDP

 00B0				PRINT PROC NEAR;输出三位以下十进制数
					;LEA DX,MSGOUT
				    ;MOV AH,09H
				    ;INT 21H
 00B0  BB 000A			  	MOV BX,0AH
 00B3  33 D2			  	XOR DX,DX
 00B5  F7 F3			  	DIV BX
 00B7  83 F8 0A			  	CMP AX,0AH
 00BA  73 1D			  	JAE BIG1
 00BC  83 F8 00			  	CMP AX,0H
 00BF  74 3E			  	JE SMALL
 00C1  50			  	PUSH AX
 00C2  8A F2			    MOV DH,DL
 00C4  58			    POP AX
 00C5  8A D0			  	MOV DL,AL
 00C7  80 C2 30			  	ADD DL,30H
 00CA  B4 02			    MOV AH,02H
 00CC  CD 21			    INT 21H
 00CE  8A D6			    MOV DL,DH
 00D0  80 C2 30			    ADD DL,30H
 00D3  B4 02			    MOV AH,02H
 00D5  CD 21			    INT 21H
 00D7  EB 31			    JMP EXIT
 00D9				BIG1:
 00D9  52				PUSH DX
 00DA  BB 000A				MOV BX,0AH
 00DD  33 D2				XOR DX,DX
 00DF  F7 F3				DIV BX
 00E1  8A F2				MOV DH,DL
 00E3  8A D0			  	MOV DL,AL
 00E5  80 C2 30			  	ADD DL,30H
 00E8  B4 02			    MOV AH,02H
 00EA  CD 21			    INT 21H
 00EC  8A D6			    MOV DL,DH
 00EE  80 C2 30			    ADD DL,30H
 00F1  B4 02			    MOV AH,02H
 00F3  CD 21			    INT 21H
 00F5  5A			    POP DX
 00F6  80 C2 30			    ADD DL,30H
 00F9  B4 02			    MOV AH,02H
 00FB  CD 21			    INT 21H
 00FD  EB 0B			    JMP EXIT
 00FF				SMALL:
 00FF  8A D6			    MOV DL,DH
 0101  80 C2 30			    ADD DL,30H
 0104  B4 02			    MOV AH,02H
 0106  CD 21			    INT 21H
 0108  EB 00			    JMP EXIT   
 010A				EXIT:
 010A  B2 20				MOV DL,' '
 010C  B4 02			    MOV AH,02H
 010E  CD 21			    INT 21H
 0110  C3				RET  	
 0111				PRINT ENDP 



 0111				CODES ENDS
				    END START








Microsoft (R) Macro Assembler Version 6.11		    05/06/20 12:30:49
tempfile.asm						     Symbols 2 - 1




Segments and Groups:

                N a m e                 Size     Length   Align   Combine Class

CODES  . . . . . . . . . . . . .	16 Bit	 0111	  Para	  Private 
DATAS  . . . . . . . . . . . . .	16 Bit	 0019	  Para	  Private 
STACKS . . . . . . . . . . . . .	16 Bit	 0200	  Para	  Private 


Procedures,  parameters and locals:

                N a m e                 Type     Value    Attr

PRINT  . . . . . . . . . . . . .	P Near	 00B0	  CODES	Length= 0061 Public
  BIG1 . . . . . . . . . . . . .	L Near	 00D9	  CODES	
  SMALL  . . . . . . . . . . . .	L Near	 00FF	  CODES	
  EXIT . . . . . . . . . . . . .	L Near	 010A	  CODES	
READ1  . . . . . . . . . . . . .	P Near	 004E	  CODES	Length= 0062 Public
  ERR  . . . . . . . . . . . . .	L Near	 0050	  CODES	
  BEG1 . . . . . . . . . . . . .	L Near	 0054	  CODES	
  DONE . . . . . . . . . . . . .	L Near	 00AD	  CODES	


Symbols:

                N a m e                 Type     Value    Attr

DIVN . . . . . . . . . . . . . .	Word	 0000	  DATAS	
END1 . . . . . . . . . . . . . .	L Near	 003B	  CODES	
LP1  . . . . . . . . . . . . . .	L Near	 0014	  CODES	
LP2  . . . . . . . . . . . . . .	L Near	 002C	  CODES	
MSGIN1 . . . . . . . . . . . . .	Byte	 000A	  DATAS	
PR . . . . . . . . . . . . . . .	L Near	 003F	  CODES	
START  . . . . . . . . . . . . .	L Near	 0000	  CODES	

	   0 Warnings
	   0 Errors
